// Jest Snapshot v1, https://goo.gl/fbAQLP

exports[`Lexer knows blank 1`] = `
Object {
  "name": "blank",
  "raw": "",
}
`;

exports[`Lexer knows blank 2`] = `
Object {
  "name": "blank",
  "raw": " ",
}
`;

exports[`Lexer knows blank 3`] = `
Object {
  "name": "blank",
  "raw": "    ",
}
`;

exports[`Lexer knows blank 4`] = `
Object {
  "name": "blank",
  "raw": "	",
}
`;

exports[`Lexer knows blank 5`] = `
Object {
  "name": "blank",
  "raw": " 	",
}
`;

exports[`Lexer knows blank 6`] = `
Object {
  "name": "blank",
  "raw": "	 ",
}
`;

exports[`Lexer knows blank 7`] = `
Object {
  "name": "blank",
  "raw": " 	  ",
}
`;

exports[`Lexer knows block begins 1`] = `
Array [
  Object {
    "data": Object {
      "params": Array [
        "swift",
      ],
      "type": "SRC",
    },
    "name": "block.begin",
    "raw": "#+BEGIN_SRC swift",
  },
  undefined,
]
`;

exports[`Lexer knows block begins 2`] = `
Array [
  Object {
    "data": Object {
      "params": Array [
        "swift",
      ],
      "type": "SRC",
    },
    "name": "block.begin",
    "raw": " #+BEGIN_SRC swift",
  },
  undefined,
]
`;

exports[`Lexer knows block begins 3`] = `
Array [
  Object {
    "data": Object {
      "params": Array [
        "swift",
      ],
      "type": "src",
    },
    "name": "block.begin",
    "raw": "#+begin_src swift",
  },
  undefined,
]
`;

exports[`Lexer knows block begins 4`] = `
Array [
  Object {
    "data": Object {
      "params": Array [],
      "type": "example",
    },
    "name": "block.begin",
    "raw": "#+begin_example",
  },
  undefined,
]
`;

exports[`Lexer knows block begins 5`] = `
Array [
  Object {
    "data": Object {
      "params": Array [
        "ðŸ˜€mple",
      ],
      "type": "ex",
    },
    "name": "block.begin",
    "raw": "#+begin_exðŸ˜€mple",
  },
  undefined,
]
`;

exports[`Lexer knows block begins 6`] = `
Array [
  Object {
    "data": Object {
      "params": Array [
        "swift",
        ":tangle",
        "code.swift",
      ],
      "type": "src",
    },
    "name": "block.begin",
    "raw": "#+begin_src swift :tangle code.swift",
  },
  undefined,
]
`;

exports[`Lexer knows block ends 1`] = `
Array [
  Object {
    "data": Object {
      "type": "SRC",
    },
    "name": "block.end",
    "raw": "#+END_SRC",
  },
  undefined,
]
`;

exports[`Lexer knows block ends 2`] = `
Array [
  Object {
    "data": Object {
      "type": "SRC",
    },
    "name": "block.end",
    "raw": "  #+END_SRC",
  },
  undefined,
]
`;

exports[`Lexer knows block ends 3`] = `
Array [
  Object {
    "data": Object {
      "type": "src",
    },
    "name": "block.end",
    "raw": "#+end_src",
  },
  undefined,
]
`;

exports[`Lexer knows block ends 4`] = `
Array [
  Object {
    "data": Object {
      "type": "SRC",
    },
    "name": "block.end",
    "raw": "#+end_SRC",
  },
  undefined,
]
`;

exports[`Lexer knows block ends 5`] = `
Object {
  "name": "line",
  "raw": "#+end_SðŸ˜€RC",
}
`;

exports[`Lexer knows comments 1`] = `
Array [
  Object {
    "data": Object {},
    "name": "comment",
    "raw": "# a comment",
  },
  undefined,
]
`;

exports[`Lexer knows comments 2`] = `
Array [
  Object {
    "data": Object {},
    "name": "comment",
    "raw": "# ",
  },
  undefined,
]
`;

exports[`Lexer knows comments 3`] = `
Array [
  Object {
    "data": Object {},
    "name": "comment",
    "raw": "# a commentðŸ˜¯",
  },
  undefined,
]
`;

exports[`Lexer knows comments 4`] = `
Array [
  Object {
    "data": Object {},
    "name": "comment",
    "raw": " # a comment",
  },
  undefined,
]
`;

exports[`Lexer knows comments 5`] = `
Array [
  Object {
    "data": Object {},
    "name": "comment",
    "raw": "  	  # a comment",
  },
  undefined,
]
`;

exports[`Lexer knows comments 6`] = `
Array [
  Object {
    "data": Object {},
    "name": "comment",
    "raw": "#   a comment",
  },
  undefined,
]
`;

exports[`Lexer knows comments 7`] = `
Array [
  Object {
    "data": Object {},
    "name": "comment",
    "raw": "#    	 a comment",
  },
  undefined,
]
`;

exports[`Lexer knows drawer begins 1`] = `
Array [
  Object {
    "data": Object {
      "type": "PROPERTIES",
    },
    "name": "drawer.begin",
    "raw": ":PROPERTIES:",
  },
  undefined,
]
`;

exports[`Lexer knows drawer begins 2`] = `
Array [
  Object {
    "data": Object {
      "type": "properties",
    },
    "name": "drawer.begin",
    "raw": "  :properties:",
  },
  undefined,
]
`;

exports[`Lexer knows drawer begins 3`] = `
Array [
  Object {
    "data": Object {
      "type": "properties",
    },
    "name": "drawer.begin",
    "raw": "  :properties:  ",
  },
  undefined,
]
`;

exports[`Lexer knows drawer begins 4`] = `
Array [
  Object {
    "data": Object {
      "type": "prop_erties",
    },
    "name": "drawer.begin",
    "raw": "  :prop_erties:  ",
  },
  undefined,
]
`;

exports[`Lexer knows drawer ends 1`] = `
Array [
  Object {
    "data": Object {},
    "name": "drawer.end",
    "raw": ":END:",
  },
  undefined,
]
`;

exports[`Lexer knows drawer ends 2`] = `
Array [
  Object {
    "data": Object {},
    "name": "drawer.end",
    "raw": "  :end:",
  },
  undefined,
]
`;

exports[`Lexer knows drawer ends 3`] = `
Array [
  Object {
    "data": Object {},
    "name": "drawer.end",
    "raw": "  :end:  ",
  },
  undefined,
]
`;

exports[`Lexer knows drawer ends 4`] = `
Array [
  Object {
    "data": Object {},
    "name": "drawer.end",
    "raw": "  :end:  ",
  },
  undefined,
]
`;

exports[`Lexer knows footnotes 1`] = `
Array [
  Object {
    "data": Object {
      "content": "a footnote",
      "label": "1",
    },
    "name": "footnote",
    "raw": "[fn:1] a footnote",
  },
  undefined,
]
`;

exports[`Lexer knows footnotes 2`] = `
Array [
  Object {
    "data": Object {
      "content": "a footnote",
      "label": "word",
    },
    "name": "footnote",
    "raw": "[fn:word] a footnote",
  },
  undefined,
]
`;

exports[`Lexer knows footnotes 3`] = `
Array [
  Object {
    "data": Object {
      "content": "a footnote",
      "label": "word_",
    },
    "name": "footnote",
    "raw": "[fn:word_] a footnote",
  },
  undefined,
]
`;

exports[`Lexer knows footnotes 4`] = `
Array [
  Object {
    "data": Object {
      "content": "a footnote",
      "label": "wor1d_",
    },
    "name": "footnote",
    "raw": "[fn:wor1d_] a footnote",
  },
  undefined,
]
`;

exports[`Lexer knows headlines 1`] = `
Array [
  Object {
    "data": Object {
      "content": "a headline",
      "keyword": undefined,
      "level": 2,
      "priority": undefined,
      "tags": Array [],
    },
    "name": "headline",
    "raw": "** a headline",
  },
  undefined,
]
`;

exports[`Lexer knows headlines 2`] = `
Array [
  Object {
    "data": Object {
      "content": "_headline_",
      "keyword": undefined,
      "level": 2,
      "priority": undefined,
      "tags": Array [],
    },
    "name": "headline",
    "raw": "** _headline_",
  },
  undefined,
]
`;

exports[`Lexer knows headlines 3`] = `
Array [
  Object {
    "data": Object {
      "content": "a headline",
      "keyword": undefined,
      "level": 2,
      "priority": undefined,
      "tags": Array [],
    },
    "name": "headline",
    "raw": "**   a headline",
  },
  undefined,
]
`;

exports[`Lexer knows headlines 4`] = `
Array [
  Object {
    "data": Object {
      "content": "a headline",
      "keyword": undefined,
      "level": 5,
      "priority": undefined,
      "tags": Array [],
    },
    "name": "headline",
    "raw": "***** a headline",
  },
  undefined,
]
`;

exports[`Lexer knows headlines 5`] = `
Array [
  Object {
    "data": Object {
      "content": "a ðŸ˜€line",
      "keyword": undefined,
      "level": 1,
      "priority": undefined,
      "tags": Array [],
    },
    "name": "headline",
    "raw": "* a ðŸ˜€line",
  },
  undefined,
]
`;

exports[`Lexer knows headlines 6`] = `
Array [
  Object {
    "data": Object {
      "content": "a headline",
      "keyword": "TODO",
      "level": 1,
      "priority": "A",
      "tags": Array [
        "tag1",
        "tag2",
      ],
    },
    "name": "headline",
    "raw": "* TODO [#A] a headline     :tag1:tag2:",
  },
  undefined,
]
`;

exports[`Lexer knows horizontal rules 1`] = `
Array [
  Object {
    "data": Object {},
    "name": "horizontalRule",
    "raw": "-----",
  },
  undefined,
]
`;

exports[`Lexer knows horizontal rules 2`] = `
Array [
  Object {
    "data": Object {},
    "name": "horizontalRule",
    "raw": "------",
  },
  undefined,
]
`;

exports[`Lexer knows horizontal rules 3`] = `
Array [
  Object {
    "data": Object {},
    "name": "horizontalRule",
    "raw": "--------",
  },
  undefined,
]
`;

exports[`Lexer knows horizontal rules 4`] = `
Array [
  Object {
    "data": Object {},
    "name": "horizontalRule",
    "raw": "  -----",
  },
  undefined,
]
`;

exports[`Lexer knows horizontal rules 5`] = `
Array [
  Object {
    "data": Object {},
    "name": "horizontalRule",
    "raw": "-----   ",
  },
  undefined,
]
`;

exports[`Lexer knows horizontal rules 6`] = `
Array [
  Object {
    "data": Object {},
    "name": "horizontalRule",
    "raw": "  -----   ",
  },
  undefined,
]
`;

exports[`Lexer knows horizontal rules 7`] = `
Array [
  Object {
    "data": Object {},
    "name": "horizontalRule",
    "raw": "  -----  	 ",
  },
  undefined,
]
`;

exports[`Lexer knows keywords 1`] = `
Array [
  Object {
    "data": Object {
      "key": "KEY",
      "value": "Value",
    },
    "name": "keyword",
    "raw": "#+KEY: Value",
  },
  undefined,
]
`;

exports[`Lexer knows keywords 2`] = `
Array [
  Object {
    "data": Object {
      "key": "KEY",
      "value": "Another Value",
    },
    "name": "keyword",
    "raw": "#+KEY: Another Value",
  },
  undefined,
]
`;

exports[`Lexer knows keywords 3`] = `
Array [
  Object {
    "data": Object {
      "key": "KEY",
      "value": "value : Value",
    },
    "name": "keyword",
    "raw": "#+KEY: value : Value",
  },
  undefined,
]
`;

exports[`Lexer knows list items 1`] = `
Array [
  Object {
    "data": Object {
      "checked": undefined,
      "content": "buy milk",
      "indent": 0,
      "ordered": false,
      "tag": undefined,
    },
    "name": "list.item",
    "raw": "- buy milk",
  },
  undefined,
]
`;

exports[`Lexer knows list items 2`] = `
Array [
  Object {
    "data": Object {
      "checked": undefined,
      "content": "buy milk",
      "indent": 0,
      "ordered": false,
      "tag": undefined,
    },
    "name": "list.item",
    "raw": "+ buy milk",
  },
  undefined,
]
`;

exports[`Lexer knows list items 3`] = `
Array [
  Object {
    "data": Object {
      "checked": undefined,
      "content": "buy milk",
      "indent": 0,
      "ordered": true,
      "tag": undefined,
    },
    "name": "list.item",
    "raw": "1. buy milk",
  },
  undefined,
]
`;

exports[`Lexer knows list items 4`] = `
Array [
  Object {
    "data": Object {
      "checked": undefined,
      "content": "buy milk",
      "indent": 0,
      "ordered": true,
      "tag": undefined,
    },
    "name": "list.item",
    "raw": "12. buy milk",
  },
  undefined,
]
`;

exports[`Lexer knows list items 5`] = `
Array [
  Object {
    "data": Object {
      "checked": undefined,
      "content": "buy milk",
      "indent": 0,
      "ordered": true,
      "tag": undefined,
    },
    "name": "list.item",
    "raw": "123) buy milk",
  },
  undefined,
]
`;

exports[`Lexer knows list items 6`] = `
Array [
  Object {
    "data": Object {
      "checked": true,
      "content": "buy milk checked",
      "indent": 0,
      "ordered": false,
      "tag": undefined,
    },
    "name": "list.item",
    "raw": "- [x] buy milk checked",
  },
  undefined,
]
`;

exports[`Lexer knows list items 7`] = `
Array [
  Object {
    "data": Object {
      "checked": true,
      "content": "buy milk checked",
      "indent": 0,
      "ordered": false,
      "tag": undefined,
    },
    "name": "list.item",
    "raw": "- [X] buy milk checked",
  },
  undefined,
]
`;

exports[`Lexer knows list items 8`] = `
Array [
  Object {
    "data": Object {
      "checked": true,
      "content": "buy milk checked",
      "indent": 0,
      "ordered": false,
      "tag": undefined,
    },
    "name": "list.item",
    "raw": "- [-] buy milk checked",
  },
  undefined,
]
`;

exports[`Lexer knows list items 9`] = `
Array [
  Object {
    "data": Object {
      "checked": false,
      "content": "buy milk unchecked",
      "indent": 0,
      "ordered": false,
      "tag": undefined,
    },
    "name": "list.item",
    "raw": "- [ ] buy milk unchecked",
  },
  undefined,
]
`;

exports[`Lexer knows list items 10`] = `
Array [
  Object {
    "data": Object {
      "checked": undefined,
      "content": "buy milk",
      "indent": 2,
      "ordered": false,
      "tag": undefined,
    },
    "name": "list.item",
    "raw": "  - buy milk",
  },
  undefined,
]
`;

exports[`Lexer knows list items 11`] = `
Array [
  Object {
    "data": Object {
      "checked": undefined,
      "content": "description here",
      "indent": 0,
      "ordered": false,
      "tag": "item1",
    },
    "name": "list.item",
    "raw": "- item1 :: description here",
  },
  undefined,
]
`;

exports[`Lexer knows list items 12`] = `
Object {
  "name": "line",
  "raw": "- item2
 :: description here",
}
`;

exports[`Lexer knows list items 13`] = `
Array [
  Object {
    "data": Object {
      "checked": true,
      "content": "description here",
      "indent": 0,
      "ordered": false,
      "tag": "item3",
    },
    "name": "list.item",
    "raw": "- [x] item3 :: description here",
  },
  undefined,
]
`;

exports[`Lexer knows plannings 1`] = `
Array [
  Object {
    "data": Object {
      "date": 2017-12-31T11:00:00.000Z,
      "end": undefined,
      "keyword": "DEADLINE",
    },
    "name": "planning",
    "raw": "DEADLINE: <2018-01-01 Mon>",
  },
  undefined,
]
`;

exports[`Lexer knows plannings 2`] = `
Array [
  Object {
    "data": Object {
      "date": 2017-12-31T11:00:00.000Z,
      "end": undefined,
      "keyword": "DEADLINE",
    },
    "name": "planning",
    "raw": "  DEADLINE: <2018-01-01 Mon>",
  },
  undefined,
]
`;

exports[`Lexer knows plannings 3`] = `
Array [
  Object {
    "data": Object {
      "date": 2017-12-31T11:00:00.000Z,
      "end": undefined,
      "keyword": "DEADLINE",
    },
    "name": "planning",
    "raw": " 	DEADLINE: <2018-01-01 Mon>",
  },
  undefined,
]
`;

exports[`Lexer knows plannings 4`] = `
Array [
  Object {
    "data": Object {
      "date": 2017-12-31T11:00:00.000Z,
      "end": undefined,
      "keyword": "DEADLINE",
    },
    "name": "planning",
    "raw": " 	 DEADLINE: <2018-01-01 Mon>",
  },
  undefined,
]
`;

exports[`Lexer knows table row 1`] = `
Array [
  Object {
    "data": Object {
      "cells": Array [
        "batman",
        "superman",
        "wonder woman",
      ],
    },
    "name": "table.row",
    "raw": "| batman | superman | wonder woman |",
  },
  undefined,
]
`;

exports[`Lexer knows table rows 1`] = `
Array [
  Object {
    "data": Object {
      "cells": Array [
        "hello",
        "world",
        "y'all",
      ],
    },
    "name": "table.row",
    "raw": "| hello | world | y'all |",
  },
  undefined,
]
`;

exports[`Lexer knows table rows 2`] = `
Array [
  Object {
    "data": Object {
      "cells": Array [
        "hello",
        "world",
        "y'all",
      ],
    },
    "name": "table.row",
    "raw": "   | hello | world | y'all |",
  },
  undefined,
]
`;

exports[`Lexer knows table rows 3`] = `
Array [
  Object {
    "data": Object {
      "cells": Array [
        "hello",
        "world",
        "y'all",
      ],
    },
    "name": "table.row",
    "raw": "|    hello |  world   |y'all |",
  },
  undefined,
]
`;

exports[`Lexer knows table rows 4`] = `
Array [
  Object {
    "data": Object {
      "cells": Array [
        "",
        "world",
        "",
      ],
    },
    "name": "table.row",
    "raw": "||  world   | |",
  },
  undefined,
]
`;

exports[`Lexer knows table separators 1`] = `
Array [
  Object {
    "data": Object {},
    "name": "table.separator",
    "raw": "|----+---+----|",
  },
  undefined,
]
`;

exports[`Lexer knows table separators 2`] = `
Array [
  Object {
    "data": Object {},
    "name": "table.separator",
    "raw": "|--=-+---+----|",
  },
  undefined,
]
`;

exports[`Lexer knows table separators 3`] = `
Array [
  Object {
    "data": Object {},
    "name": "table.separator",
    "raw": "  |----+---+----|",
  },
  undefined,
]
`;

exports[`Lexer knows table separators 4`] = `
Array [
  Object {
    "data": Object {},
    "name": "table.separator",
    "raw": "|----+---+----",
  },
  undefined,
]
`;

exports[`Lexer knows table separators 5`] = `
Array [
  Object {
    "data": Object {},
    "name": "table.separator",
    "raw": "|---",
  },
  undefined,
]
`;

exports[`Lexer knows table separators 6`] = `
Array [
  Object {
    "data": Object {},
    "name": "table.separator",
    "raw": "|-",
  },
  undefined,
]
`;

exports[`Lexer knows these are not blanks 1`] = `
Object {
  "name": "line",
  "raw": " a ",
}
`;

exports[`Lexer knows these are not block begins 1`] = `
Object {
  "name": "line",
  "raw": "#+begiðŸ˜€n_src swift",
}
`;

exports[`Lexer knows these are not block ends 1`] = `
Object {
  "name": "line",
  "raw": "#+end_SRC ",
}
`;

exports[`Lexer knows these are not block ends 2`] = `
Object {
  "name": "line",
  "raw": "#+end_src param",
}
`;

exports[`Lexer knows these are not comments 1`] = `
Object {
  "name": "line",
  "raw": "#not a comment",
}
`;

exports[`Lexer knows these are not comments 2`] = `
Object {
  "name": "line",
  "raw": "  #not a comment",
}
`;

exports[`Lexer knows these are not drawer begins 1`] = `
Object {
  "name": "line",
  "raw": "PROPERTIES:",
}
`;

exports[`Lexer knows these are not drawer begins 2`] = `
Object {
  "name": "line",
  "raw": ":PROPERTIES",
}
`;

exports[`Lexer knows these are not drawer begins 3`] = `
Object {
  "name": "line",
  "raw": ":PR OPERTIES:",
}
`;

exports[`Lexer knows these are not drawer ends 1`] = `
Object {
  "name": "line",
  "raw": "END:",
}
`;

exports[`Lexer knows these are not drawer ends 2`] = `
Object {
  "name": "line",
  "raw": ":END",
}
`;

exports[`Lexer knows these are not drawer ends 3`] = `
Object {
  "name": "line",
  "raw": ":ENDed",
}
`;

exports[`Lexer knows these are not footnotes 1`] = `
Object {
  "name": "line",
  "raw": "[fn:1]: not a footnote",
}
`;

exports[`Lexer knows these are not footnotes 2`] = `
Object {
  "name": "line",
  "raw": " [fn:1] not a footnote",
}
`;

exports[`Lexer knows these are not footnotes 3`] = `
Object {
  "name": "line",
  "raw": "[[fn:1] not a footnote",
}
`;

exports[`Lexer knows these are not footnotes 4`] = `
Object {
  "name": "line",
  "raw": "	[fn:1] not a footnote",
}
`;

exports[`Lexer knows these are not headlines 1`] = `
Object {
  "name": "line",
  "raw": "*not a headline",
}
`;

exports[`Lexer knows these are not headlines 2`] = `
Object {
  "name": "line",
  "raw": " * not a headline",
}
`;

exports[`Lexer knows these are not headlines 3`] = `
Object {
  "name": "line",
  "raw": "*_* not a headline",
}
`;

exports[`Lexer knows these are not headlines 4`] = `
Object {
  "name": "line",
  "raw": "not a headline",
}
`;

exports[`Lexer knows these are not horizontal rules 1`] = `
Object {
  "name": "line",
  "raw": "----",
}
`;

exports[`Lexer knows these are not horizontal rules 2`] = `
Array [
  Object {
    "data": Object {
      "checked": undefined,
      "content": "----",
      "indent": 0,
      "ordered": false,
      "tag": undefined,
    },
    "name": "list.item",
    "raw": "- ----",
  },
  undefined,
]
`;

exports[`Lexer knows these are not horizontal rules 3`] = `
Object {
  "name": "line",
  "raw": "-----a",
}
`;

exports[`Lexer knows these are not horizontal rules 4`] = `
Object {
  "name": "line",
  "raw": "_-----",
}
`;

exports[`Lexer knows these are not horizontal rules 5`] = `
Object {
  "name": "line",
  "raw": "-----    a",
}
`;

exports[`Lexer knows these are not keywords 1`] = `
Object {
  "name": "line",
  "raw": "#+KEY : Value",
}
`;

exports[`Lexer knows these are not keywords 2`] = `
Object {
  "name": "line",
  "raw": "#+KE Y: Value",
}
`;

exports[`Lexer knows these are not list items 1`] = `
Object {
  "name": "line",
  "raw": "-not item",
}
`;

exports[`Lexer knows these are not list items 2`] = `
Object {
  "name": "line",
  "raw": "1.not item",
}
`;

exports[`Lexer knows these are not list items 3`] = `
Object {
  "name": "line",
  "raw": "8)not item",
}
`;

exports[`Lexer knows these are not list items 4`] = `
Object {
  "name": "line",
  "raw": "8a) not item",
}
`;

exports[`Lexer knows these are not plannings 1`] = `
Object {
  "name": "line",
  "raw": "dEADLINE: <2018-01-01 Mon>",
}
`;

exports[`Lexer knows these are not table rows 1`] = `
Object {
  "name": "line",
  "raw": " hello | world | y'all |",
}
`;

exports[`Lexer knows these are not table rows 2`] = `
Object {
  "name": "line",
  "raw": "|+",
}
`;

exports[`Lexer knows these are not table separators 1`] = `
Object {
  "name": "line",
  "raw": "----+---+----|",
}
`;

exports[`Lexer knows these are timestamps 1`] = `
Array [
  Object {
    "data": Object {
      "date": 2019-08-18T12:00:00.000Z,
      "end": undefined,
      "rest": undefined,
    },
    "name": "timestamp",
    "raw": "<2019-08-19 Mon>",
  },
  undefined,
]
`;

exports[`Lexer knows these are timestamps 2`] = `
Array [
  Object {
    "data": Object {
      "date": 2019-08-19T01:20:00.000Z,
      "end": undefined,
      "rest": undefined,
    },
    "name": "timestamp",
    "raw": "<2019-08-19 Mon 13:20>",
  },
  undefined,
]
`;

exports[`Lexer knows these are timestamps 3`] = `
Array [
  Object {
    "data": Object {
      "date": 2019-08-19T01:20:00.000Z,
      "end": 2019-08-19T02:00:00.000Z,
      "rest": undefined,
    },
    "name": "timestamp",
    "raw": "<2019-08-19 Mon 13:20-14:00>",
  },
  undefined,
]
`;

exports[`Lexer knows these are timestamps 4`] = `
Array [
  Object {
    "data": Object {
      "date": 2019-08-18T12:00:00.000Z,
      "end": 2019-08-19T12:00:00.000Z,
      "rest": undefined,
    },
    "name": "timestamp",
    "raw": "<2019-08-19 Mon>--<2019-08-20 Tue>",
  },
  undefined,
]
`;
